// Jest Snapshot v1, https://goo.gl/fbAQLP

exports[`404 should match snapshot 1`] = `
<div>
  <main
    class="container"
    id="content-start"
  >
    <h1>
      We can't find this page
    </h1>
    <p>
      Check that the web address has been typed correctly.
    </p>
    You can also try:
    <ul>
      <li>
        Look for it using the search box
      </li>
      <li>
        Browse for it from the 
        <a
          href="/"
        >
          CKS homepage.
        </a>
      </li>
    </ul>
    <h2>
      Contact us
    </h2>
    <a
      href="https://www.nice.org.uk/get-involved/contact-us"
    >
      Get in touch
    </a>
     
    if you think there is a problem.
  </main>
</div>
`;
